_Z8get_dataB5cxx11v.cold:
 mov    BYTE PTR [rdx+rbx*1],0xff
 mov    rax,QWORD PTR ds:0x10
 ud2    
 mov    BYTE PTR [r12+rbx*1+0x10],0xff
 mov    rax,QWORD PTR ds:0x10
 ud2    
 mov    rdi,r12
 call   403710 <_ZNSt7__cxx1112basic_stringIcSt11char_traitsIcESaIcEE10_M_disposeEv>
 lea    rdi,[rsp+0x10]
 call   403060 <_ZNSt14basic_ifstreamIcSt11char_traitsIcEED1Ev@plt>
 mov    rdi,rbx
 call   403460 <_Unwind_Resume@plt>
 nop    DWORD PTR [rax+rax*1+0x0]
main:
 push   rbx
 sub    rsp,0x30
 lea    rdi,[rsp+0x10]
 call   403750 <_Z8get_dataB5cxx11v>
 mov    rax,QWORD PTR [rsp+0x10]
 mov    edx,0xd
 mov    rcx,rsp
 mov    edi,0x436030
 mov    esi,0x11
 mov    QWORD PTR [rsp],rax
 mov    rax,QWORD PTR [rsp+0x18]
 mov    QWORD PTR [rsp+0x8],rax
 call   4049d3 <_ZN3fmt2v76vprintENS0_17basic_string_viewIcEENS0_11format_argsE>
 lea    rdi,[rsp+0x10]
 call   403710 <_ZNSt7__cxx1112basic_stringIcSt11char_traitsIcESaIcEE10_M_disposeEv>
 add    rsp,0x30
 xor    eax,eax
 pop    rbx
 ret    
 mov    rbx,rax
 lea    rdi,[rsp+0x10]
 call   403710 <_ZNSt7__cxx1112basic_stringIcSt11char_traitsIcESaIcEE10_M_disposeEv>
 mov    rdi,rbx
 call   403460 <_Unwind_Resume@plt>
_Z8get_dataB5cxx11v:
 push   r15
 mov    edx,0x8
 mov    esi,0x43601c
 push   r14
 push   r13
 push   r12
 mov    r12,rdi
 push   rbp
 lea    r13,[r12+0x10]
 push   rbx
 xor    ebx,ebx
 sub    rsp,0x228
 lea    rdi,[rsp+0x10]
 call   403490 <_ZNSt14basic_ifstreamIcSt11char_traitsIcEEC1EPKcSt13_Ios_Openmode@plt>
 mov    rax,QWORD PTR [rsp+0x10]
 mov    rax,QWORD PTR [rax-0x18]
 mov    QWORD PTR [r12],r13
 mov    rbp,QWORD PTR [rsp+rax*1+0xf8]
 test   rbp,rbp
 jne    4037d0 <_Z8get_dataB5cxx11v+0x80>
 mov    rax,QWORD PTR [r12]
 mov    QWORD PTR [r12+0x8],rbx
 lea    rdi,[rsp+0x10]
 mov    BYTE PTR [rax+rbx*1],0x0
 call   403060 <_ZNSt14basic_ifstreamIcSt11char_traitsIcEED1Ev@plt>
 add    rsp,0x228
 mov    rax,r12
 pop    rbx
 pop    rbp
 pop    r12
 pop    r13
 pop    r14
 pop    r15
 ret    
 nop    DWORD PTR [rax]
 add    rax,0x1
 mov    QWORD PTR [rbp+0x10],rax
 mov    rax,QWORD PTR [rbp+0x10]
 mov    rdx,rax
 cmp    rax,QWORD PTR [rbp+0x18]
 jae    403810 <_Z8get_dataB5cxx11v+0xc0>
 cmp    rbx,0xf
 je     40384b <_Z8get_dataB5cxx11v+0xfb>
 movzx  eax,BYTE PTR [rdx]
 add    rbx,0x1
 mov    BYTE PTR [r12+rbx*1+0xf],al
 mov    rax,QWORD PTR [rbp+0x10]
 cmp    rax,QWORD PTR [rbp+0x18]
 jb     4037c8 <_Z8get_dataB5cxx11v+0x78>
 mov    rax,QWORD PTR [rbp+0x0]
 mov    rdi,rbp
 call   QWORD PTR [rax+0x50]
 mov    rax,QWORD PTR [rbp+0x10]
 mov    rdx,rax
 cmp    rax,QWORD PTR [rbp+0x18]
 jb     4037dd <_Z8get_dataB5cxx11v+0x8d>
 mov    rax,QWORD PTR [rbp+0x0]
 mov    rdi,rbp
 call   QWORD PTR [rax+0x48]
 add    eax,0x1
 je     403799 <_Z8get_dataB5cxx11v+0x49>
 cmp    rbx,0xf
 je     403847 <_Z8get_dataB5cxx11v+0xf7>
 mov    rdx,QWORD PTR [rbp+0x10]
 cmp    rdx,QWORD PTR [rbp+0x18]
 jb     4037e3 <_Z8get_dataB5cxx11v+0x93>
 mov    rax,QWORD PTR [rbp+0x0]
 mov    rdi,rbp
 call   QWORD PTR [rax+0x48]
 cmp    eax,0xffffffff
 jne    4037e6 <_Z8get_dataB5cxx11v+0x96>
 jmp    40350e <_Z8get_dataB5cxx11v.cold+0xe>
 mov    rax,QWORD PTR [rbp+0x10]
 mov    ebx,0xf
 mov    r15d,0xf
 mov    r14d,0x10
 jmp    403874 <_Z8get_dataB5cxx11v+0x124>
 xchg   ax,ax
 add    rax,0x1
 add    rbx,0x1
 add    r14,0x1
 mov    QWORD PTR [rbp+0x10],rax
 mov    rax,QWORD PTR [rbp+0x10]
 cmp    rax,QWORD PTR [rbp+0x18]
 jae    4038a7 <_Z8get_dataB5cxx11v+0x157>
 cmp    rbx,r15
 je     4038c8 <_Z8get_dataB5cxx11v+0x178>
 movzx  eax,BYTE PTR [rax]
 mov    rdx,QWORD PTR [r12]
 mov    BYTE PTR [rdx+rbx*1],al
 mov    rax,QWORD PTR [rbp+0x10]
 cmp    rax,QWORD PTR [rbp+0x18]
 jb     403860 <_Z8get_dataB5cxx11v+0x110>
 mov    rax,QWORD PTR [rbp+0x0]
 mov    rdi,rbp
 call   QWORD PTR [rax+0x50]
 add    rbx,0x1
 add    r14,0x1
 jmp    403870 <_Z8get_dataB5cxx11v+0x120>
 mov    rax,QWORD PTR [rbp+0x0]
 mov    rdi,rbp
 call   QWORD PTR [rax+0x48]
 add    eax,0x1
 je     403799 <_Z8get_dataB5cxx11v+0x49>
 cmp    rbx,r15
 jne    40395c <_Z8get_dataB5cxx11v+0x20c>
 nop    DWORD PTR [rax+rax*1+0x0]
 test   r14,r14
 js     4039b2 <_Z8get_dataB5cxx11v+0x262>
 cmp    rbx,r14
 jae    403990 <_Z8get_dataB5cxx11v+0x240>
 lea    r15,[rbx+rbx*1]
 cmp    r14,r15
 jae    4039a5 <_Z8get_dataB5cxx11v+0x255>
 test   r15,r15
 js     4039ad <_Z8get_dataB5cxx11v+0x25d>
 mov    rdi,r15
 add    rdi,0x1
 js     4039ad <_Z8get_dataB5cxx11v+0x25d>
 call   403290 <_Znwm@plt>
 mov    r8,QWORD PTR [r12]
 mov    rcx,rax
 cmp    rbx,0x1
 je     40399d <_Z8get_dataB5cxx11v+0x24d>
 test   rbx,rbx
 je     403933 <_Z8get_dataB5cxx11v+0x1e3>
 mov    rsi,r8
 mov    rdx,rbx
 mov    rdi,rax
 mov    QWORD PTR [rsp+0x8],r8
 call   403260 <memcpy@plt>
 mov    r8,QWORD PTR [rsp+0x8]
 mov    rcx,rax
 cmp    r13,r8
 je     403953 <_Z8get_dataB5cxx11v+0x203>
 mov    rax,QWORD PTR [r12+0x10]
 mov    rdi,r8
 mov    QWORD PTR [rsp+0x8],rcx
 lea    rsi,[rax+0x1]
 call   4032a0 <_ZdlPvm@plt>
 mov    rcx,QWORD PTR [rsp+0x8]
 mov    QWORD PTR [r12],rcx
 mov    QWORD PTR [r12+0x10],r15
 mov    rax,QWORD PTR [rbp+0x10]
 cmp    rax,QWORD PTR [rbp+0x18]
 jb     40387f <_Z8get_dataB5cxx11v+0x12f>
 mov    rax,QWORD PTR [rbp+0x0]
 mov    rdi,rbp
 call   QWORD PTR [rax+0x48]
 mov    rdx,QWORD PTR [r12]
 cmp    eax,0xffffffff
 jne    403886 <_Z8get_dataB5cxx11v+0x136>
 jmp    403500 <_Z8get_dataB5cxx11v.cold>
 cs nop WORD PTR [rax+rax*1+0x0]
 xor    r15d,r15d
 mov    edi,0x1
 jmp    4038fd <_Z8get_dataB5cxx11v+0x1ad>
 movzx  eax,BYTE PTR [r8]
 mov    BYTE PTR [rcx],al
 jmp    403933 <_Z8get_dataB5cxx11v+0x1e3>
 mov    r15,r14
 jmp    4038f0 <_Z8get_dataB5cxx11v+0x1a0>
 call   4030c0 <_ZSt17__throw_bad_allocv@plt>
 mov    edi,0x436004
 call   403170 <_ZSt20__throw_length_errorPKc@plt>
 mov    rbx,rax
 jmp    403526 <_Z8get_dataB5cxx11v.cold+0x26>
 mov    rbx,rax
 jmp    40351e <_Z8get_dataB5cxx11v.cold+0x1e>

