{"asm": [{"labels": [], "source": null, "section": ".text", "text": "_Z6squarei:"},{"labels": [], "opcodes": ["55"], "address": 4400, "source": {"file": null, "mainsource": "true", "line": 1}, "section": ".text", "text": " push\trbp"},{"labels": [], "opcodes": ["48", "89", "e5"], "address": 4401, "source": {"file": null, "mainsource": "true", "line": 1}, "section": ".text", "text": " mov\trbp, rsp"},{"labels": [], "opcodes": ["89", "7d", "fc"], "address": 4404, "source": {"file": null, "mainsource": "true", "line": 1}, "section": ".text", "text": " mov\tdword ptr [rbp - 0x4], edi"},{"labels": [], "opcodes": ["8b", "45", "fc"], "address": 4407, "source": {"file": null, "mainsource": "true", "line": 2}, "section": ".text", "text": " mov\teax, dword ptr [rbp - 0x4]"},{"labels": [], "opcodes": ["0f", "af", "45", "fc"], "address": 4410, "source": {"file": null, "mainsource": "true", "line": 2}, "section": ".text", "text": " imul\teax, dword ptr [rbp - 0x4]"},{"labels": [], "opcodes": ["5d"], "address": 4414, "source": {"file": null, "mainsource": "true", "line": 2}, "section": ".text", "text": " pop\trbp"},{"labels": [], "opcodes": ["c3"], "address": 4415, "source": {"file": null, "mainsource": "true", "line": 2}, "section": ".text", "text": " ret"},{"labels": [], "address": 4416, "source": null, "section": ".text", "text": "main:"},{"labels": [], "opcodes": ["55"], "address": 4416, "source": {"file": null, "mainsource": "true", "line": 5}, "section": ".text", "text": " push\trbp"},{"labels": [], "opcodes": ["48", "89", "e5"], "address": 4417, "source": {"file": null, "mainsource": "true", "line": 5}, "section": ".text", "text": " mov\trbp, rsp"},{"labels": [], "opcodes": ["31", "c0"], "address": 4420, "source": {"file": null, "mainsource": "true", "line": 6}, "section": ".text", "text": " xor\teax, eax"},{"labels": [], "opcodes": ["5d"], "address": 4422, "source": {"file": null, "mainsource": "true", "line": 6}, "section": ".text", "text": " pop\trbp"},{"labels": [], "opcodes": ["c3"], "address": 4423, "source": {"file": null, "mainsource": "true", "line": 6}, "section": ".text", "text": " ret"}],"labelDefinitions": {"_Z6squarei": 1, "main": 9}, "filteredCount": 122}
