{"asm": [{"labels": [], "source": null, "section": ".text", "text": "main:"},{"labels": [], "opcodes": ["55"], "address": 4198592, "source": {"file": null, "mainsource": "true", "line": 15}, "section": ".text", "text": " push   rbp"},{"labels": [], "opcodes": ["ba", "0a", "00", "00", "00"], "address": 4198593, "source": {"file": "/usr/include/stdlib.h", "mainsource": "false", "line": 363}, "section": ".text", "text": " mov    edx,0xa"},{"labels": [], "opcodes": ["31", "f6"], "address": 4198598, "source": {"file": "/usr/include/stdlib.h", "mainsource": "false", "line": 363}, "section": ".text", "text": " xor    esi,esi"},{"labels": [], "opcodes": ["bf", "04", "20", "40", "00"], "address": 4198600, "source": {"file": "/usr/include/stdlib.h", "mainsource": "false", "line": 363}, "section": ".text", "text": " mov    edi,0x402004"},{"labels": [], "opcodes": ["53"], "address": 4198605, "source": {"file": null, "mainsource": "true", "line": 15}, "section": ".text", "text": " push   rbx"},{"labels": [], "opcodes": ["48", "83", "ec", "08"], "address": 4198606, "source": {"file": null, "mainsource": "true", "line": 15}, "section": ".text", "text": " sub    rsp,0x8"},{"labels": [], "opcodes": ["e8", "a9", "ff", "ff", "ff"], "address": 4198610, "source": {"file": "/usr/include/stdlib.h", "mainsource": "false", "line": 363}, "section": ".text", "text": " call   401080 <strtol@plt>"},{"labels": [], "opcodes": ["bf", "80", "40", "40", "00"], "address": 4198615, "source": {"file": null, "mainsource": "true", "line": 17}, "section": ".text", "text": " mov    edi,0x404080"},{"labels": [], "opcodes": ["89", "c6"], "address": 4198620, "source": {"file": null, "mainsource": "true", "line": 17}, "section": ".text", "text": " mov    esi,eax"},{"labels": [], "opcodes": ["e8", "bd", "ff", "ff", "ff"], "address": 4198622, "source": {"file": null, "mainsource": "true", "line": 17}, "section": ".text", "text": " call   4010a0 <std::ostream::operator<<(int)@plt>"},{"labels": [], "opcodes": ["48", "89", "c3"], "address": 4198627, "source": {"file": null, "mainsource": "true", "line": 17}, "section": ".text", "text": " mov    rbx,rax"},{"labels": [], "opcodes": ["48", "8b", "00"], "address": 4198630, "source": {"file": "/opt/compiler-explorer/gcc-trunk-20220526/include/c++/13.0.0/ostream", "mainsource": "false", "line": 689}, "section": ".text", "text": " mov    rax,QWORD PTR [rax]"},{"labels": [], "opcodes": ["48", "8b", "40", "e8"], "address": 4198633, "source": {"file": "/opt/compiler-explorer/gcc-trunk-20220526/include/c++/13.0.0/ostream", "mainsource": "false", "line": 689}, "section": ".text", "text": " mov    rax,QWORD PTR [rax-0x18]"},{"labels": [], "opcodes": ["48", "8b", "ac", "03", "f0", "00", "00", "00"], "address": 4198637, "source": {"file": "/opt/compiler-explorer/gcc-trunk-20220526/include/c++/13.0.0/ostream", "mainsource": "false", "line": 689}, "section": ".text", "text": " mov    rbp,QWORD PTR [rbx+rax*1+0xf0]"},{"labels": [], "opcodes": ["48", "85", "ed"], "address": 4198645, "source": {"file": "/opt/compiler-explorer/gcc-trunk-20220526/include/c++/13.0.0/bits/basic_ios.h", "mainsource": "false", "line": 49}, "section": ".text", "text": " test   rbp,rbp"},{"labels": [{"name": "main", "range": {"startCol": 17, "endCol": 21}}], "opcodes": ["74", "4f"], "address": 4198648, "source": {"file": "/opt/compiler-explorer/gcc-trunk-20220526/include/c++/13.0.0/bits/basic_ios.h", "mainsource": "false", "line": 49}, "section": ".text", "text": " je     401149 <main+0x89>"},{"labels": [], "opcodes": ["80", "7d", "38", "00"], "address": 4198650, "source": {"file": "/opt/compiler-explorer/gcc-trunk-20220526/include/c++/13.0.0/bits/locale_facets.h", "mainsource": "false", "line": 882}, "section": ".text", "text": " cmp    BYTE PTR [rbp+0x38],0x0"},{"labels": [{"name": "main", "range": {"startCol": 17, "endCol": 21}}], "opcodes": ["74", "1d"], "address": 4198654, "source": {"file": "/opt/compiler-explorer/gcc-trunk-20220526/include/c++/13.0.0/bits/locale_facets.h", "mainsource": "false", "line": 882}, "section": ".text", "text": " je     40111d <main+0x5d>"},{"labels": [], "opcodes": ["0f", "be", "75", "43"], "address": 4198656, "source": {"file": "/opt/compiler-explorer/gcc-trunk-20220526/include/c++/13.0.0/bits/locale_facets.h", "mainsource": "false", "line": 883}, "section": ".text", "text": " movsx  esi,BYTE PTR [rbp+0x43]"},{"labels": [], "opcodes": ["48", "89", "df"], "address": 4198660, "source": {"file": "/opt/compiler-explorer/gcc-trunk-20220526/include/c++/13.0.0/ostream", "mainsource": "false", "line": 689}, "section": ".text", "text": " mov    rdi,rbx"},{"labels": [], "opcodes": ["e8", "24", "ff", "ff", "ff"], "address": 4198663, "source": {"file": "/opt/compiler-explorer/gcc-trunk-20220526/include/c++/13.0.0/ostream", "mainsource": "false", "line": 689}, "section": ".text", "text": " call   401030 <std::ostream::put(char)@plt>"},{"labels": [], "opcodes": ["48", "89", "c7"], "address": 4198668, "source": {"file": "/opt/compiler-explorer/gcc-trunk-20220526/include/c++/13.0.0/ostream", "mainsource": "false", "line": 689}, "section": ".text", "text": " mov    rdi,rax"},{"labels": [], "opcodes": ["e8", "2c", "ff", "ff", "ff"], "address": 4198671, "source": {"file": "/opt/compiler-explorer/gcc-trunk-20220526/include/c++/13.0.0/ostream", "mainsource": "false", "line": 711}, "section": ".text", "text": " call   401040 <std::ostream::flush()@plt>"},{"labels": [], "opcodes": ["48", "83", "c4", "08"], "address": 4198676, "source": {"file": null, "mainsource": "true", "line": 18}, "section": ".text", "text": " add    rsp,0x8"},{"labels": [], "opcodes": ["31", "c0"], "address": 4198680, "source": {"file": null, "mainsource": "true", "line": 18}, "section": ".text", "text": " xor    eax,eax"},{"labels": [], "opcodes": ["5b"], "address": 4198682, "source": {"file": null, "mainsource": "true", "line": 18}, "section": ".text", "text": " pop    rbx"},{"labels": [], "opcodes": ["5d"], "address": 4198683, "source": {"file": null, "mainsource": "true", "line": 18}, "section": ".text", "text": " pop    rbp"},{"labels": [], "opcodes": ["c3"], "address": 4198684, "source": {"file": null, "mainsource": "true", "line": 18}, "section": ".text", "text": " ret    "},{"labels": [], "opcodes": ["48", "89", "ef"], "address": 4198685, "source": {"file": "/opt/compiler-explorer/gcc-trunk-20220526/include/c++/13.0.0/bits/locale_facets.h", "mainsource": "false", "line": 884}, "section": ".text", "text": " mov    rdi,rbp"},{"labels": [{"name": "char", "range": {"startCol": 28, "endCol": 32}}], "opcodes": ["e8", "3b", "ff", "ff", "ff"], "address": 4198688, "source": {"file": "/opt/compiler-explorer/gcc-trunk-20220526/include/c++/13.0.0/bits/locale_facets.h", "mainsource": "false", "line": 884}, "section": ".text", "text": " call   401060 <std::ctype<char>::_M_widen_init() const@plt>"},{"labels": [], "opcodes": ["48", "8b", "45", "00"], "address": 4198693, "source": {"file": "/opt/compiler-explorer/gcc-trunk-20220526/include/c++/13.0.0/bits/locale_facets.h", "mainsource": "false", "line": 885}, "section": ".text", "text": " mov    rax,QWORD PTR [rbp+0x0]"},{"labels": [], "opcodes": ["be", "0a", "00", "00", "00"], "address": 4198697, "source": {"file": "/opt/compiler-explorer/gcc-trunk-20220526/include/c++/13.0.0/bits/locale_facets.h", "mainsource": "false", "line": 885}, "section": ".text", "text": " mov    esi,0xa"},{"labels": [], "opcodes": ["48", "8b", "40", "30"], "address": 4198702, "source": {"file": "/opt/compiler-explorer/gcc-trunk-20220526/include/c++/13.0.0/bits/locale_facets.h", "mainsource": "false", "line": 885}, "section": ".text", "text": " mov    rax,QWORD PTR [rax+0x30]"},{"labels": [], "opcodes": ["48", "3d", "c0", "12", "40", "00"], "address": 4198706, "source": {"file": "/opt/compiler-explorer/gcc-trunk-20220526/include/c++/13.0.0/bits/locale_facets.h", "mainsource": "false", "line": 885}, "section": ".text", "text": " cmp    rax,0x4012c0"},{"labels": [{"name": "main", "range": {"startCol": 17, "endCol": 21}}], "opcodes": ["74", "ca"], "address": 4198712, "source": {"file": "/opt/compiler-explorer/gcc-trunk-20220526/include/c++/13.0.0/bits/locale_facets.h", "mainsource": "false", "line": 885}, "section": ".text", "text": " je     401104 <main+0x44>"},{"labels": [], "opcodes": ["be", "0a", "00", "00", "00"], "address": 4198714, "source": {"file": "/opt/compiler-explorer/gcc-trunk-20220526/include/c++/13.0.0/bits/locale_facets.h", "mainsource": "false", "line": 885}, "section": ".text", "text": " mov    esi,0xa"},{"labels": [], "opcodes": ["48", "89", "ef"], "address": 4198719, "source": {"file": "/opt/compiler-explorer/gcc-trunk-20220526/include/c++/13.0.0/bits/locale_facets.h", "mainsource": "false", "line": 885}, "section": ".text", "text": " mov    rdi,rbp"},{"labels": [], "opcodes": ["ff", "d0"], "address": 4198722, "source": {"file": "/opt/compiler-explorer/gcc-trunk-20220526/include/c++/13.0.0/bits/locale_facets.h", "mainsource": "false", "line": 885}, "section": ".text", "text": " call   rax"},{"labels": [], "opcodes": ["0f", "be", "f0"], "address": 4198724, "source": {"file": "/opt/compiler-explorer/gcc-trunk-20220526/include/c++/13.0.0/bits/locale_facets.h", "mainsource": "false", "line": 885}, "section": ".text", "text": " movsx  esi,al"},{"labels": [{"name": "main", "range": {"startCol": 17, "endCol": 21}}], "opcodes": ["eb", "bb"], "address": 4198727, "source": {"file": "/opt/compiler-explorer/gcc-trunk-20220526/include/c++/13.0.0/bits/locale_facets.h", "mainsource": "false", "line": 885}, "section": ".text", "text": " jmp    401104 <main+0x44>"},{"labels": [], "opcodes": ["e8", "22", "ff", "ff", "ff"], "address": 4198729, "source": {"file": "/opt/compiler-explorer/gcc-trunk-20220526/include/c++/13.0.0/bits/basic_ios.h", "mainsource": "false", "line": 50}, "section": ".text", "text": " call   401070 <std::__throw_bad_cast()@plt>"},{"labels": [], "opcodes": ["66", "90"], "address": 4198734, "source": {"file": "/opt/compiler-explorer/gcc-trunk-20220526/include/c++/13.0.0/bits/basic_ios.h", "mainsource": "false", "line": 50}, "section": ".text", "text": " xchg   ax,ax"},{"labels": [], "address": 4198736, "source": null, "section": ".text", "text": "_GLOBAL__sub_I__Zli3_kmPKc:"},{"labels": [], "opcodes": ["48", "83", "ec", "08"], "address": 4198736, "source": {"file": null, "mainsource": "true", "line": 18}, "section": ".text", "text": " sub    rsp,0x8"},{"labels": [], "opcodes": ["bf", "91", "41", "40", "00"], "address": 4198740, "source": {"file": "/opt/compiler-explorer/gcc-trunk-20220526/include/c++/13.0.0/iostream", "mainsource": "false", "line": 74}, "section": ".text", "text": " mov    edi,0x404191"},{"labels": [], "opcodes": ["e8", "32", "ff", "ff", "ff"], "address": 4198745, "source": {"file": "/opt/compiler-explorer/gcc-trunk-20220526/include/c++/13.0.0/iostream", "mainsource": "false", "line": 74}, "section": ".text", "text": " call   401090 <std::ios_base::Init::Init()@plt>"},{"labels": [], "opcodes": ["ba", "68", "40", "40", "00"], "address": 4198750, "source": {"file": "/opt/compiler-explorer/gcc-trunk-20220526/include/c++/13.0.0/iostream", "mainsource": "false", "line": 74}, "section": ".text", "text": " mov    edx,0x404068"},{"labels": [], "opcodes": ["be", "91", "41", "40", "00"], "address": 4198755, "source": {"file": "/opt/compiler-explorer/gcc-trunk-20220526/include/c++/13.0.0/iostream", "mainsource": "false", "line": 74}, "section": ".text", "text": " mov    esi,0x404191"},{"labels": [], "opcodes": ["bf", "b0", "10", "40", "00"], "address": 4198760, "source": {"file": "/opt/compiler-explorer/gcc-trunk-20220526/include/c++/13.0.0/iostream", "mainsource": "false", "line": 74}, "section": ".text", "text": " mov    edi,0x4010b0"},{"labels": [], "opcodes": ["48", "83", "c4", "08"], "address": 4198765, "source": {"file": null, "mainsource": "true", "line": 18}, "section": ".text", "text": " add    rsp,0x8"},{"labels": [], "opcodes": ["e9", "da", "fe", "ff", "ff"], "address": 4198769, "source": {"file": "/opt/compiler-explorer/gcc-trunk-20220526/include/c++/13.0.0/iostream", "mainsource": "false", "line": 74}, "section": ".text", "text": " jmp    401050 <__cxa_atexit@plt>"},{"labels": [], "opcodes": ["66", "2e", "0f", "1f", "84", "00", "00", "00", "00", "00"], "address": 4198774, "source": {"file": "/opt/compiler-explorer/gcc-trunk-20220526/include/c++/13.0.0/iostream", "mainsource": "false", "line": 74}, "section": ".text", "text": " cs nop WORD PTR [rax+rax*1+0x0]"},{"labels": [], "source": null, "section": ".text", "text": "operator\"\" _km(char const*):"},{"labels": [], "opcodes": ["48", "83", "ec", "08"], "address": 4199024, "source": {"file": null, "mainsource": "true", "line": 7}, "section": ".text", "text": " sub    rsp,0x8"},{"labels": [], "opcodes": ["ba", "0a", "00", "00", "00"], "address": 4199028, "source": {"file": "/usr/include/stdlib.h", "mainsource": "false", "line": 363}, "section": ".text", "text": " mov    edx,0xa"},{"labels": [], "opcodes": ["31", "f6"], "address": 4199033, "source": {"file": "/usr/include/stdlib.h", "mainsource": "false", "line": 363}, "section": ".text", "text": " xor    esi,esi"},{"labels": [], "opcodes": ["e8", "00", "fe", "ff", "ff"], "address": 4199035, "source": {"file": "/usr/include/stdlib.h", "mainsource": "false", "line": 363}, "section": ".text", "text": " call   401080 <strtol@plt>"},{"labels": [], "opcodes": ["48", "83", "c4", "08"], "address": 4199040, "source": {"file": null, "mainsource": "true", "line": 9}, "section": ".text", "text": " add    rsp,0x8"},{"labels": [], "opcodes": ["c3"], "address": 4199044, "source": {"file": null, "mainsource": "true", "line": 9}, "section": ".text", "text": " ret    "},{"labels": [], "opcodes": ["66", "66", "2e", "0f", "1f", "84", "00", "00", "00", "00", "00"], "address": 4199045, "source": {"file": null, "mainsource": "true", "line": 9}, "section": ".text", "text": " data16 cs nop WORD PTR [rax+rax*1+0x0]"},{"labels": [], "address": 4199056, "source": null, "section": ".text", "text": "operator\"\" _km(long double):"},{"labels": [], "opcodes": ["d9", "7c", "24", "f6"], "address": 4199056, "source": {"file": null, "mainsource": "true", "line": 12}, "section": ".text", "text": " fnstcw WORD PTR [rsp-0xa]"},{"labels": [], "opcodes": ["db", "6c", "24", "08"], "address": 4199060, "source": {"file": null, "mainsource": "true", "line": 12}, "section": ".text", "text": " fld    TBYTE PTR [rsp+0x8]"},{"labels": [], "opcodes": ["0f", "b7", "44", "24", "f6"], "address": 4199064, "source": {"file": null, "mainsource": "true", "line": 12}, "section": ".text", "text": " movzx  eax,WORD PTR [rsp-0xa]"},{"labels": [], "opcodes": ["80", "cc", "0c"], "address": 4199069, "source": {"file": null, "mainsource": "true", "line": 12}, "section": ".text", "text": " or     ah,0xc"},{"labels": [], "opcodes": ["66", "89", "44", "24", "f4"], "address": 4199072, "source": {"file": null, "mainsource": "true", "line": 12}, "section": ".text", "text": " mov    WORD PTR [rsp-0xc],ax"},{"labels": [], "opcodes": ["d9", "6c", "24", "f4"], "address": 4199077, "source": {"file": null, "mainsource": "true", "line": 12}, "section": ".text", "text": " fldcw  WORD PTR [rsp-0xc]"},{"labels": [], "opcodes": ["db", "5c", "24", "f0"], "address": 4199081, "source": {"file": null, "mainsource": "true", "line": 12}, "section": ".text", "text": " fistp  DWORD PTR [rsp-0x10]"},{"labels": [], "opcodes": ["d9", "6c", "24", "f6"], "address": 4199085, "source": {"file": null, "mainsource": "true", "line": 12}, "section": ".text", "text": " fldcw  WORD PTR [rsp-0xa]"},{"labels": [], "opcodes": ["8b", "44", "24", "f0"], "address": 4199089, "source": {"file": null, "mainsource": "true", "line": 12}, "section": ".text", "text": " mov    eax,DWORD PTR [rsp-0x10]"},{"labels": [], "opcodes": ["c3"], "address": 4199093, "source": {"file": null, "mainsource": "true", "line": 13}, "section": ".text", "text": " ret    "},{"labels": [], "opcodes": ["66", "2e", "0f", "1f", "84", "00", "00", "00", "00", "00"], "address": 4199094, "source": {"file": null, "mainsource": "true", "line": 13}, "section": ".text", "text": " cs nop WORD PTR [rax+rax*1+0x0]"}],"labelDefinitions": {"main": 1, "_GLOBAL__sub_I__Zli3_kmPKc": 44, "operator\"\" _km(char const*)": 54, "operator\"\" _km(long double)": 62}}
