{"asm": [{"labels": [], "source": null, "section": ".text", "text": "_Z9call_coldIZ4mainEUlvE_EvOT_.constprop.0:"},{"labels": [], "opcodes": ["0f", "31"], "address": 4198432, "source": {"file": "/opt/compiler-explorer/gcc-12.2.0/lib/gcc/x86_64-linux-gnu/12.2.0/include/ia32intrin.h", "mainsource": "false", "line": 114}, "section": ".text", "text": " rdtsc  "},{"labels": [], "opcodes": ["ff", "c0"], "address": 4198434, "source": {"file": null, "mainsource": "true", "line": 14}, "section": ".text", "text": " inc    eax"},{"labels": [], "opcodes": ["89", "05", "02", "30", "00", "00"], "address": 4198436, "source": {"file": null, "mainsource": "true", "line": 14}, "section": ".text", "text": " mov    DWORD PTR [rip+0x3002],eax        # 40402c <tsc>"},{"labels": [], "opcodes": ["c3"], "address": 4198442, "source": {"file": null, "mainsource": "true", "line": 10}, "section": ".text", "text": " ret    "},{"labels": [], "address": 4198443, "source": null, "section": ".text", "text": "main:"},{"labels": [{"name": "_Z9call_coldIZ4mainEUlvE_EvOT_.constprop.0", "range": {"startCol": 17, "endCol": 59}}], "opcodes": ["e8", "f0", "ff", "ff", "ff"], "address": 4198443, "source": {"file": null, "mainsource": "true", "line": 13}, "section": ".text", "text": " call   401020 <_Z9call_coldIZ4mainEUlvE_EvOT_.constprop.0>"},{"labels": [], "opcodes": ["8b", "05", "f6", "2f", "00", "00"], "address": 4198448, "source": {"file": null, "mainsource": "true", "line": 17}, "section": ".text", "text": " mov    eax,DWORD PTR [rip+0x2ff6]        # 40402c <tsc>"},{"labels": [], "opcodes": ["c3"], "address": 4198454, "source": {"file": null, "mainsource": "true", "line": 17}, "section": ".text", "text": " ret    "},{"labels": [], "opcodes": ["66", "0f", "1f", "84", "00", "00", "00", "00", "00"], "address": 4198455, "source": {"file": null, "mainsource": "true", "line": 17}, "section": ".text", "text": " nop    WORD PTR [rax+rax*1+0x0]"}],"labelDefinitions": {"_Z9call_coldIZ4mainEUlvE_EvOT_.constprop.0": 1, "main": 6}}
