{"asm": [{"labels": [], "source": null, "section": ".text", "text": "main:"},{"labels": [], "opcodes": ["31", "c0"], "address": 4198432, "source": {"file": null, "mainsource": "true", "line": 7}, "section": ".text", "text": " xor    eax,eax"},{"labels": [], "opcodes": ["c3"], "address": 4198434, "source": {"file": null, "mainsource": "true", "line": 7}, "section": ".text", "text": " ret"},{"labels": [], "opcodes": ["66", "2e", "0f", "1f", "84", "00", "00", "00", "00", "00"], "address": 4198435, "source": {"file": null, "mainsource": "true", "line": 7}, "section": ".text", "text": " cs nop WORD PTR [rax+rax*1+0x0]"},{"labels": [], "opcodes": ["0f", "1f", "00"], "address": 4198445, "source": {"file": null, "mainsource": "true", "line": 7}, "section": ".text", "text": " nop    DWORD PTR [rax]"}],"labelDefinitions": {"main": 1}}
